2026-08-19 12:33:36.745: [INFO] CurrentProfilePath: C:\Users\Rajdeep Kala\Music\InfosysProject\FinCoreBank\.metadata\.plugins\org.eclipse.swt\EBWebView\Default
2026-08-19 12:33:36.745: [INFO] Profiles total count: 1
2026-08-19 12:33:36.745: [INFO] Profile: name=Profile 1 path=C:\Users\Rajdeep Kala\Music\InfosysProject\FinCoreBank\.metadata\.plugins\org.eclipse.swt\EBWebView\Default lastActive=null
2026-08-19 12:33:36.745: [INFO] LastUsedProfileDir: C:\Users\Rajdeep Kala\Music\InfosysProject\FinCoreBank\.metadata\.plugins\org.eclipse.swt\EBWebView\Default
2026-08-19 12:33:36.745: [INFO] OnDoneLoading sync enabled: 0
2026-08-19 12:33:36.745: [INFO] BookmarkModelLoaded, ids_reassigned: 0
2026-08-19 12:33:36.745: [INFO] BookmarksLoadDropped droppedNodes=0
2026-08-19 12:33:36.745: [INFO] BookmarksSnapshot Startup total=0 bar=0 other=0 mobile=0 showBar=0 showBarNTP=1
2026-08-19 12:34:02.328: [INFO] BookmarksSnapshot Shutdown total=0 bar=0 other=0 mobile=0 showBar=0 showBarNTP=1
2026-08-19 12:34:04.531: [INFO] CurrentProfilePath: C:\Users\Rajdeep Kala\Music\InfosysProject\FinCoreBank\.metadata\.plugins\org.eclipse.swt\EBWebView\Default
2026-08-19 12:34:04.531: [INFO] Profiles total count: 1
2026-08-19 12:34:04.531: [INFO] Profile: name=Profile 1 path=C:\Users\Rajdeep Kala\Music\InfosysProject\FinCoreBank\.metadata\.plugins\org.eclipse.swt\EBWebView\Default lastActive=2026-08-19T12:33:37.749Z
2026-08-19 12:34:04.531: [INFO] LastUsedProfileDir: C:\Users\Rajdeep Kala\Music\InfosysProject\FinCoreBank\.metadata\.plugins\org.eclipse.swt\EBWebView\Default
2026-08-19 12:34:04.531: [INFO] MostRecentlyActiveProfile: name=Profile 1 path=C:\Users\Rajdeep Kala\Music\InfosysProject\FinCoreBank\.metadata\.plugins\org.eclipse.swt\EBWebView\Default lastActive=2026-08-19T12:33:37.749Z
2026-08-19 12:34:04.531: [INFO] OnDoneLoading sync enabled: 0
2026-08-19 12:34:04.531: [INFO] BookmarkModelLoaded, ids_reassigned: 0
2026-08-19 12:34:04.531: [INFO] BookmarksLoadDropped droppedNodes=0
2026-08-19 12:34:04.531: [INFO] BookmarksSnapshot Startup total=0 bar=0 other=0 mobile=0 showBar=0 showBarNTP=1
2026-08-19 12:34:57.840: [INFO] BookmarksSnapshot Shutdown total=0 bar=0 other=0 mobile=0 showBar=0 showBarNTP=1
2026-08-19 12:43:43.941: [INFO] CurrentProfilePath: C:\Users\Rajdeep Kala\Music\InfosysProject\FinCoreBank\.metadata\.plugins\org.eclipse.swt\EBWebView\Default
2026-08-19 12:43:43.941: [INFO] Profiles total count: 1
2026-08-19 12:43:43.942: [INFO] Profile: name=Profile 1 path=C:\Users\Rajdeep Kala\Music\InfosysProject\FinCoreBank\.metadata\.plugins\org.eclipse.swt\EBWebView\Default lastActive=2026-08-19T12:33:37.749Z
2026-08-19 12:43:43.942: [INFO] LastUsedProfileDir: C:\Users\Rajdeep Kala\Music\InfosysProject\FinCoreBank\.metadata\.plugins\org.eclipse.swt\EBWebView\Default
2026-08-19 12:43:43.942: [INFO] MostRecentlyActiveProfile: name=Profile 1 path=C:\Users\Rajdeep Kala\Music\InfosysProject\FinCoreBank\.metadata\.plugins\org.eclipse.swt\EBWebView\Default lastActive=2026-08-19T12:33:37.749Z
2026-08-19 12:43:43.942: [INFO] OnDoneLoading sync enabled: 0
2026-08-19 12:43:43.942: [INFO] BookmarkModelLoaded, ids_reassigned: 0
2026-08-19 12:43:43.942: [INFO] BookmarksLoadDropped droppedNodes=0
2026-08-19 12:43:43.942: [INFO] BookmarksSnapshot Startup total=0 bar=0 other=0 mobile=0 showBar=0 showBarNTP=1
2026-08-19 12:49:09.634: [INFO] BookmarksSnapshot Shutdown total=0 bar=0 other=0 mobile=0 showBar=0 showBarNTP=1
2026-08-19 12:51:09.886: [INFO] CurrentProfilePath: C:\Users\Rajdeep Kala\Music\InfosysProject\FinCoreBank\.metadata\.plugins\org.eclipse.swt\EBWebView\Default
2026-08-19 12:51:09.886: [INFO] Profiles total count: 1
2026-08-19 12:51:09.886: [INFO] Profile: name=Profile 1 path=C:\Users\Rajdeep Kala\Music\InfosysProject\FinCoreBank\.metadata\.plugins\org.eclipse.swt\EBWebView\Default lastActive=2026-08-19T12:33:37.749Z
2026-08-19 12:51:09.886: [INFO] LastUsedProfileDir: C:\Users\Rajdeep Kala\Music\InfosysProject\FinCoreBank\.metadata\.plugins\org.eclipse.swt\EBWebView\Default
2026-08-19 12:51:09.886: [INFO] MostRecentlyActiveProfile: name=Profile 1 path=C:\Users\Rajdeep Kala\Music\InfosysProject\FinCoreBank\.metadata\.plugins\org.eclipse.swt\EBWebView\Default lastActive=2026-08-19T12:33:37.749Z
2026-08-19 12:51:09.886: [INFO] OnDoneLoading sync enabled: 0
2026-08-19 12:51:09.886: [INFO] BookmarkModelLoaded, ids_reassigned: 0
2026-08-19 12:51:09.886: [INFO] BookmarksLoadDropped droppedNodes=0
2026-08-19 12:51:09.886: [INFO] BookmarksSnapshot Startup total=0 bar=0 other=0 mobile=0 showBar=0 showBarNTP=1
2026-08-19 12:52:03.671: [INFO] BookmarksSnapshot Shutdown total=0 bar=0 other=0 mobile=0 showBar=0 showBarNTP=1
2026-08-21 08:32:02.903: [INFO] CurrentProfilePath: C:\Users\Rajdeep Kala\Music\InfosysProject\FinCoreBank\.metadata\.plugins\org.eclipse.swt\EBWebView\Default
2026-08-21 08:32:02.903: [INFO] Profiles total count: 1
2026-08-21 08:32:02.904: [INFO] Profile: name=Profile 1 path=C:\Users\Rajdeep Kala\Music\InfosysProject\FinCoreBank\.metadata\.plugins\org.eclipse.swt\EBWebView\Default lastActive=2026-08-19T12:33:37.749Z
2026-08-21 08:32:02.904: [INFO] LastUsedProfileDir: C:\Users\Rajdeep Kala\Music\InfosysProject\FinCoreBank\.metadata\.plugins\org.eclipse.swt\EBWebView\Default
2026-08-21 08:32:02.904: [INFO] MostRecentlyActiveProfile: name=Profile 1 path=C:\Users\Rajdeep Kala\Music\InfosysProject\FinCoreBank\.metadata\.plugins\org.eclipse.swt\EBWebView\Default lastActive=2026-08-19T12:33:37.749Z
2026-08-21 08:32:02.904: [INFO] OnDoneLoading sync enabled: 0
2026-08-21 08:32:02.904: [INFO] BookmarkModelLoaded, ids_reassigned: 0
2026-08-21 08:32:02.904: [INFO] BookmarksLoadDropped droppedNodes=0
2026-08-21 08:32:02.904: [INFO] BookmarksSnapshot Startup total=0 bar=0 other=0 mobile=0 showBar=0 showBarNTP=1
2026-08-21 08:34:49.581: [INFO] BookmarksSnapshot Shutdown total=0 bar=0 other=0 mobile=0 showBar=0 showBarNTP=1
